mysql> source C:\Users\Jesse\Desktop\loo\CS348\test-sample.sql
Query OK, 0 rows affected (0.00 sec)

Query OK, 0 rows affected (0.00 sec)

Query OK, 1 row affected (0.01 sec)

Query OK, 1 row affected (0.00 sec)

+----------+--------------+----------+
| username | display_name | password |
+----------+--------------+----------+
| testuser | Test User    | testpass |
+----------+--------------+----------+
1 row in set (0.00 sec)

+----------+
| COUNT(*) |
+----------+
|        1 |
+----------+
1 row in set (0.00 sec)

+------------------------+------------+------------+------------+-------------+----------+-------------------+-------------------+-----------+--------------------+------+-------------------+-------------------+-------------------+-------------------+-------------------+---------+----------------+-------------+---------------+------------+-------------+
| track_id               | album_name | track_name | popularity | duration_ms | explicit | danceability      | energy            | music_key | loudness           | mode | speechiness       | acousticness      | instrumentalness  | liveness          | valence           | tempo   | time_signature | track_genre | accousticness | instrument | time_signal |
+------------------------+------------+------------+------------+-------------+----------+-------------------+-------------------+-----------+--------------------+------+-------------------+-------------------+-------------------+-------------------+-------------------+---------+----------------+-------------+---------------+------------+-------------+
| 02shCNmb6IvgB5jLqKjtkK | Nevada     | Nevada     |         71 |      208561 |        0 | 0.605000019073486 | 0.782999992370606 |         3 | -4.270999908447266 |    1 | 0.032400000840425 | 0.299000000000000 | 0.000175000000000 | 0.133000001311302 | 0.104999996721745 | 124.015 |              4 | edm         |          NULL |       NULL |        NULL |
+------------------------+------------+------------+------------+-------------+----------+-------------------+-------------------+-----------+--------------------+------+-------------------+-------------------+-------------------+-------------------+-------------------+---------+----------------+-------------+---------------+------------+-------------+
1 row in set (0.00 sec)

+------------------------+------------------+
| track_id               | artist           |
+------------------------+------------------+
| 02shCNmb6IvgB5jLqKjtkK | Cozi Zuehlsdorff |
| 02shCNmb6IvgB5jLqKjtkK | Vicetone         |
+------------------------+------------------+
2 rows in set (0.00 sec)

Query OK, 1 row affected (0.00 sec)

+----------+---------------+
| username | playlist_name |
+----------+---------------+
| testuser | Test Playlist |
+----------+---------------+
1 row in set (0.00 sec)

Query OK, 1 row affected (0.01 sec)
Rows matched: 1  Changed: 1  Warnings: 0

+----------+-------------------+
| username | playlist_name     |
+----------+-------------------+
| testuser | New Test Playlist |
+----------+-------------------+
1 row in set (0.00 sec)

Query OK, 1 row affected (0.00 sec)

Query OK, 1 row affected (0.00 sec)

Query OK, 1 row affected (0.00 sec)

+------------------------+------------+
| track_id               | track_name |
+------------------------+------------+
| 02shCNmb6IvgB5jLqKjtkK | Nevada     |
+------------------------+------------+
1 row in set (0.00 sec)

mysql> notee
